
Gurobi 13.0.0 (mac64[arm], C++) logging started Mon Dec  1 12:08:58 2025

Set parameter LogFile to value "gurobi_log.log"

Gurobi 13.0.0 (mac64[arm], C++) logging started Mon Dec  1 12:15:52 2025

Set parameter Username
Set parameter LicenseID to value 2748484
Set parameter LogFile to value "gurobi_log.log"
Academic license - for non-commercial use only - expires 2026-12-01
Gurobi Optimizer version 13.0.0 build v13.0.0rc1 (mac64[arm] - Darwin 24.6.0 24G90)

CPU model: Apple M1
Thread count: 8 physical cores, 8 logical processors, using up to 8 threads

Optimize a model with 2 rows, 2 columns and 4 nonzeros (Max)
Model fingerprint: 0xfbcef75a
Model has 2 linear objective coefficients
Coefficient statistics:
  Matrix range     [1e+00, 2e+00]
  Objective range  [3e+00, 4e+00]
  Bounds range     [0e+00, 0e+00]
  RHS range        [8e+00, 8e+00]
Presolve time: 0.00s
Presolved: 2 rows, 2 columns, 4 nonzeros

Iteration    Objective       Primal Inf.    Dual Inf.      Time
       0    7.0000000e+30   3.000000e+30   7.000000e+00      0s
       2    1.8666667e+01   0.000000e+00   0.000000e+00      0s

Solved in 2 iterations and 0.00 seconds (0.00 work units)
Optimal objective  1.866666667e+01
