
Gurobi 13.0.0 (linux64, C++) logging started Tue Dec 16 14:49:32 2025

Set parameter Username
Set parameter LicenseID to value 2748482
Set parameter LogFile to value "mip1.log"
Academic license - for non-commercial use only - expires 2026-12-01

Gurobi 13.0.0 (linux64, C++) logging started Tue Dec 16 15:20:29 2025

Set parameter Username
Set parameter LicenseID to value 2748482
Set parameter LogFile to value "mip1.log"
Academic license - for non-commercial use only - expires 2026-12-01

Gurobi 13.0.0 (linux64, C++) logging started Tue Dec 16 15:20:52 2025

Set parameter Username
Set parameter LicenseID to value 2748482
Set parameter LogFile to value "mip1.log"
Academic license - for non-commercial use only - expires 2026-12-01

Gurobi 13.0.0 (linux64, C++) logging started Wed Dec 17 12:09:15 2025

Set parameter Username
Set parameter LicenseID to value 2748482
Set parameter LogFile to value "mip1.log"
Academic license - for non-commercial use only - expires 2026-12-01
